// Jest Snapshot v1, https://goo.gl/fbAQLP

exports[`<Page/> should render 1`] = `
"%PDF-1.3
%����
7 0 obj
<<
/Type /ExtGState
/ca 1
>>
endobj
6 0 obj
<<
/Type /Page
/Parent 2 0 R
/MediaBox [0 0 595.280029 841.890015]
/Contents 4 0 R
/Resources 5 0 R
>>
endobj
5 0 obj
<<
/ProcSet [/PDF /Text /ImageB /ImageC /ImageI]
/ExtGState <<
/Gs1 7 0 R
>>
>>
endobj
4 0 obj
<<
/Length 351
>>
stream
1 0 0 -1 0 841.890015 cm
q
q
0 0 m
595.280029 0 l
595.280029 0 595.280029 0 595.280029 0 c
595.280029 841.890015 l
595.280029 841.890015 595.280029 841.890015 595.280029 841.890015 c
0 841.890015 l
0 841.890015 0 841.890015 0 841.890015 c
0 0 l
0 0 0 0 0 0 c
h
W n
/Gs1 gs
/DeviceRGB cs
1 1 1 scn
0 0 595.280029 841.890015 re
f
Q
q
1 0 0 1 0 0 cm
Q
Q

endstream
endobj
8 0 obj
<<
/Producer (react-pdf)
/Creator (react-pdf)
/CreationDate (D:20210414183756Z)
>>
endobj
3 0 obj
<<
/Type /Catalog
/Pages 2 0 R
/Names 1 0 R
>>
endobj
2 0 obj
<<
/Type /Pages
/Count 1
/Kids [6 0 R]
>>
endobj
1 0 obj
<<
/Dests <<
  /Names [
]
>>
>>
endobj
xref
0 9
0000000000 65535 f 
0000000891 00000 n 
0000000834 00000 n 
0000000772 00000 n 
0000000272 00000 n 
0000000177 00000 n 
0000000059 00000 n 
0000000015 00000 n 
0000000674 00000 n 
trailer
<<
/Size 9
/Root 3 0 R
/Info 8 0 R
>>
startxref
938
%%EOF
"
`;
