// Jest Snapshot v1, https://goo.gl/fbAQLP

exports[`<IconArrowRight/> should render 1`] = `
"%PDF-1.3
%����
6 0 obj
<<
/Type /Page
/Parent 2 0 R
/MediaBox [0 0 595.280029 841.890015]
/Contents 4 0 R
/Resources 5 0 R
>>
endobj
5 0 obj
<<
/ProcSet [/PDF /Text /ImageB /ImageC /ImageI]
>>
endobj
4 0 obj
<<
/Length 602
>>
stream
1 0 0 -1 0 841.890015 cm
q
q
1 0 0 1 0 0 cm
q
q
0 3 m
12 3 l
12 3 12 3 12 3 c
12 15 l
12 15 12 15 12 15 c
0 15 l
0 15 0 15 0 15 c
0 3 l
0 3 0 3 0 3 c
h
W n
1 0 0 1 0 3 cm
0.023438 0 0 0.023438 0 0 cm
1 0 0 1 96 0 cm
q
/DeviceRGB cs
0 0 0 scn
285.476 272.971 m
91.132 467.314 l
81.759 476.687 66.563 476.687 57.191 467.314 c
34.524 444.647 l
25.167 435.29 25.149 420.125 34.484 410.746 c
188.505 256 l
34.484 101.255 l
25.149 91.876 25.167 76.711 34.524 67.354 c
57.191 44.687 l
66.564 35.314 81.76 35.314 91.132 44.687 c
285.475 239.03 l
294.848 248.402 294.848 263.598 285.476 272.971 c
h
f
Q
Q
Q
Q
Q

endstream
endobj
7 0 obj
<<
/Producer (react-pdf)
/Creator (react-pdf)
/CreationDate (D:20210414183756Z)
>>
endobj
3 0 obj
<<
/Type /Catalog
/Pages 2 0 R
/Names 1 0 R
>>
endobj
2 0 obj
<<
/Type /Pages
/Count 1
/Kids [6 0 R]
>>
endobj
1 0 obj
<<
/Dests <<
  /Names [
]
>>
>>
endobj
xref
0 8
0000000000 65535 f 
0000001070 00000 n 
0000001013 00000 n 
0000000951 00000 n 
0000000200 00000 n 
0000000133 00000 n 
0000000015 00000 n 
0000000853 00000 n 
trailer
<<
/Size 8
/Root 3 0 R
/Info 7 0 R
>>
startxref
1117
%%EOF
"
`;
