// Jest Snapshot v1, https://goo.gl/fbAQLP

exports[`<IconRing/> should render 1`] = `
"%PDF-1.3
%����
6 0 obj
<<
/Type /Page
/Parent 2 0 R
/MediaBox [0 0 595.280029 841.890015]
/Contents 4 0 R
/Resources 5 0 R
>>
endobj
5 0 obj
<<
/ProcSet [/PDF /Text /ImageB /ImageC /ImageI]
>>
endobj
4 0 obj
<<
/Length 388
>>
stream
1 0 0 -1 0 841.890015 cm
q
q
1 0 0 1 0 0 cm
q
q
0 0 m
12 0 l
12 0 12 0 12 0 c
12 12 l
12 12 12 12 12 12 c
0 12 l
0 12 0 12 0 12 c
0 0 l
0 0 0 0 0 0 c
h
W n
1 0 0 1 0 0 cm
0.12 0 0 0.12 0 0 cm
1 0 0 1 0 0 cm
q
15 w
/DeviceRGB CS
0 0 0 SCN
10 50 m
10 27.90861 27.90861 10 50 10 c
72.09139 10 90 27.90861 90 50 c
90 72.09139 72.09139 90 50 90 c
27.90861 90 10 72.09139 10 50 c
h
S
Q
Q
Q
Q
Q

endstream
endobj
7 0 obj
<<
/Producer (react-pdf)
/Creator (react-pdf)
/CreationDate (D:20210414183756Z)
>>
endobj
3 0 obj
<<
/Type /Catalog
/Pages 2 0 R
/Names 1 0 R
>>
endobj
2 0 obj
<<
/Type /Pages
/Count 1
/Kids [6 0 R]
>>
endobj
1 0 obj
<<
/Dests <<
  /Names [
]
>>
>>
endobj
xref
0 8
0000000000 65535 f 
0000000856 00000 n 
0000000799 00000 n 
0000000737 00000 n 
0000000200 00000 n 
0000000133 00000 n 
0000000015 00000 n 
0000000639 00000 n 
trailer
<<
/Size 8
/Root 3 0 R
/Info 7 0 R
>>
startxref
903
%%EOF
"
`;
