// Jest Snapshot v1, https://goo.gl/fbAQLP

exports[`<IconInfo/> should render 1`] = `
"%PDF-1.3
%����
6 0 obj
<<
/Type /Page
/Parent 2 0 R
/MediaBox [0 0 595.280029 841.890015]
/Contents 4 0 R
/Resources 5 0 R
>>
endobj
5 0 obj
<<
/ProcSet [/PDF /Text /ImageB /ImageC /ImageI]
>>
endobj
4 0 obj
<<
/Length 885
>>
stream
1 0 0 -1 0 841.890015 cm
q
q
1 0 0 1 0 0 cm
q
q
0 3 m
12 3 l
12 3 12 3 12 3 c
12 15 l
12 15 12 15 12 15 c
0 15 l
0 15 0 15 0 15 c
0 3 l
0 3 0 3 0 3 c
h
W n
1 0 0 1 0 3 cm
0.023438 0 0 0.023438 0 0 cm
1 0 0 1 0 0 cm
q
/DeviceRGB cs
0 0 0 scn
256 8 m
119.043 8 8 119.083 8 256 c
8 392.997 119.043 504 256 504 c
392.957 504 504 392.997 504 256 c
504 119.083 392.957 8 256 8 c
h
256 118 m
279.196 118 298 136.804 298 160 c
298 183.196 279.196 202 256 202 c
232.804 202 214 183.196 214 160 c
214 136.804 232.804 118 256 118 c
h
312 372 m
312 378.627 306.627 384 300 384 c
212 384 l
205.373 384 200 378.627 200 372 c
200 348 l
200 341.373 205.373 336 212 336 c
224 336 l
224 272 l
212 272 l
205.373 272 200 266.627 200 260 c
200 236 l
200 229.373 205.373 224 212 224 c
276 224 l
282.627 224 288 229.373 288 236 c
288 336 l
300 336 l
306.627 336 312 341.373 312 348 c
312 372 l
h
f
Q
Q
Q
Q
Q

endstream
endobj
7 0 obj
<<
/Producer (react-pdf)
/Creator (react-pdf)
/CreationDate (D:20210414183756Z)
>>
endobj
3 0 obj
<<
/Type /Catalog
/Pages 2 0 R
/Names 1 0 R
>>
endobj
2 0 obj
<<
/Type /Pages
/Count 1
/Kids [6 0 R]
>>
endobj
1 0 obj
<<
/Dests <<
  /Names [
]
>>
>>
endobj
xref
0 8
0000000000 65535 f 
0000001353 00000 n 
0000001296 00000 n 
0000001234 00000 n 
0000000200 00000 n 
0000000133 00000 n 
0000000015 00000 n 
0000001136 00000 n 
trailer
<<
/Size 8
/Root 3 0 R
/Info 7 0 R
>>
startxref
1400
%%EOF
"
`;
