// Jest Snapshot v1, https://goo.gl/fbAQLP

exports[`<Text/> should render 1`] = `
"%PDF-1.3
%����
7 0 obj
<<
/Type /ExtGState
/ca 1
>>
endobj
6 0 obj
<<
/Type /Page
/Parent 2 0 R
/MediaBox [0 0 595.280029 841.890015]
/Contents 4 0 R
/Resources 5 0 R
>>
endobj
5 0 obj
<<
/ProcSet [/PDF /Text /ImageB /ImageC /ImageI]
/ExtGState <<
/Gs1 7 0 R
>>
/Font <<
/F1 8 0 R
>>
>>
endobj
4 0 obj
<<
/Length 283
>>
stream
1 0 0 -1 0 841.890015 cm
q
q
1 0 0 1 0 0 cm
q
q
1 0 0 1 0 0 cm
q
1 0 0 1 0 10.8 cm
/DeviceRGB cs
0 0 0 scn
/Gs1 gs
q
Q
q
1 0 0 -1 0 841.890015 cm
BT
1 0 0 1 0 841.890015 Tm
/F1 12 Tf
[<65> 30 <78616d706c65207465> 30 <7874> 0] TJ
ET
Q
1 0 0 1 67.308 0 cm
Q
q
1 0 0 1 0 0 cm
Q
Q
Q
Q
Q

endstream
endobj
9 0 obj
<<
/Producer (react-pdf)
/Creator (react-pdf)
/CreationDate (D:20210414183756Z)
>>
endobj
8 0 obj
<<
/Type /Font
/BaseFont /Helvetica
/Subtype /Type1
/Encoding /WinAnsiEncoding
>>
endobj
3 0 obj
<<
/Type /Catalog
/Pages 2 0 R
/Names 1 0 R
>>
endobj
2 0 obj
<<
/Type /Pages
/Count 1
/Kids [6 0 R]
>>
endobj
1 0 obj
<<
/Dests <<
  /Names [
]
>>
>>
endobj
xref
0 10
0000000000 65535 f 
0000000942 00000 n 
0000000885 00000 n 
0000000823 00000 n 
0000000294 00000 n 
0000000177 00000 n 
0000000059 00000 n 
0000000015 00000 n 
0000000726 00000 n 
0000000628 00000 n 
trailer
<<
/Size 10
/Root 3 0 R
/Info 9 0 R
>>
startxref
989
%%EOF
"
`;
